### 02:46 入环 → 自环(节选)
[2026-08-23 02:46:00.563][INF]  [Record] CFB.技能'传送'已配置，栏位3-1
[2026-08-23 02:46:10.966][INF]  [Record] CTB.已回到箱庭
[2026-08-23 02:46:16.260][INF]  [Record] CTB.通过传送阵归位结束
[2026-08-23 02:46:17.176][INF]  [Record] CM.从传送按钮打开区域地图-图像比特检测
[2026-08-23 02:46:17.516][INF]  [Record] CM.N.箱庭地图内找到传送阵-按钮标
[2026-08-23 02:46:19.637][INF]  [Record] 🟣 >>> [SmartAction:Collect_FindTeleporCircle0.9] ✅ 第1轮 画面已改变（diff=123.22 ≥ 3.0）→ next
[2026-08-23 02:46:21.349][INF]  [Record] 确认区域地图tp1
[2026-08-23 02:46:22.125][INF]  [Record] CM.N.区域地图.tp1.已正确
[2026-08-23 02:46:25.763][INF]  [Record] CSB.技能组调用开始
[2026-08-23 02:46:27.152][INF]  [Record] CSB.技能页3-正确
[2026-08-23 02:46:27.900][INF]  [Record] SCB.'探查'技能施放(无判定),栏位1-1
[2026-08-23 02:46:30.355][INF]  [Record] SCB.'探查'技能施放-通过
[2026-08-23 02:46:31.037][INF]  [Record] CSB.施放'吸取'技能,栏位3-2
[2026-08-23 02:46:33.578][INF]  [Record] CSB.'吸取'技能已无法使用(OCR耗尽已在Collect_Skill3_2_Depleted判定)
[2026-08-23 02:46:35.072][INF]  [Record] CSB.技能组复位-色核通过
[2026-08-23 02:46:35.737][INF]  [Record] CM.从传送按钮打开区域地图-图像比特检测
[2026-08-23 02:46:36.100][INF]  [Record] CM.N.箱庭地图内找到传送阵-按钮标
[2026-08-23 02:46:38.219][INF]  [Record] 🟣 >>> [SmartAction:Collect_FindTeleporCircle0.9] ✅ 第1轮 画面已改变（diff=123.29 ≥ 3.0）→ next
[2026-08-23 02:46:40.669][INF]  [Record] ⚠️ >>> [SmartAction:Collect_MapRight] ⚠️ 第1轮 画面未改变（diff=0.72）— 重试 1/4
[2026-08-23 02:46:42.071][INF]  [Record] 🟣 >>> [SmartAction:Collect_MapRight] ✅ 第2轮 画面已改变（diff=14.95 ≥ 3.0）→ next
[2026-08-23 02:46:47.459][INF]  [Record] 确认区域地图tp2
[2026-08-23 02:46:48.230][INF]  [Record] CM.N.区域地图.tp1.找到传送阵图标
[2026-08-23 02:46:48.772][INF]  [Record] CM.N.区域地图.tp1.选择首选传送阵图标
[2026-08-23 02:46:54.250][INF]  [Record] CM.N.区域地图.tp1.选择首选传送阵图标
[2026-08-23 02:46:59.721][INF]  [Record] CM.N.区域地图.tp1.选择首选传送阵图标
[2026-08-23 02:47:05.197][INF]  [Record] CM.N.区域地图.tp1.选择首选传送阵图标
[2026-08-23 02:47:10.673][INF]  [Record] CM.N.区域地图.tp1.选择首选传送阵图标
[2026-08-23 02:47:16.146][INF]  [Record] CM.N.区域地图.tp1.选择首选传送阵图标
[2026-08-23 02:47:21.627][INF]  [Record] CM.N.区域地图.tp1.选择首选传送阵图标
[2026-08-23 02:47:27.102][INF]  [Record] CM.N.区域地图.tp1.选择首选传送阵图标
[2026-08-23 02:47:32.589][INF]  [Record] CM.N.区域地图.tp1.选择首选传送阵图标
[2026-08-23 02:47:38.070][INF]  [Record] CM.N.区域地图.tp1.选择首选传送阵图标
[2026-08-23 02:47:43.545][INF]  [Record] CM.N.区域地图.tp1.选择首选传送阵图标
[2026-08-23 02:47:49.021][INF]  [Record] CM.N.区域地图.tp1.选择首选传送阵图标
[2026-08-23 02:47:54.503][INF]  [Record] CM.N.区域地图.tp1.选择首选传送阵图标
[2026-08-23 02:47:59.980][INF]  [Record] CM.N.区域地图.tp1.选择首选传送阵图标

### 07:00:24 用户手停(共 2778 圈)
[2026-08-23 07:00:22.466][INF]  [Record] CM.N.区域地图.tp1.选择首选传送阵图标
[2026-08-23 07:00:24.852][INF]  停止前状态：NOT_STARTED
[2026-08-23 07:00:24.859][INF]  >>> 任务 停止maafw任务开始（异步）。
[2026-08-23 07:00:24.859][INF]  正在尝试停止任务执行器，第 1 次。
[2026-08-23 07:00:24.860][INF]  正在停止......
[2026-08-23 07:00:24.863][INF]  >>> 任务 队列任务完成（异步）。
[2026-08-23 07:00:24.867][INF]  >>> 任务 启动任务完成（异步）。
[2026-08-23 07:00:24.867][INF]  停止前状态：STOPPED

### 07:14 门卫(83f9522)首次命中 → 正常换卡带
[2026-08-23 07:14:00.064][INF]  [Record] [HSVShapeMatching] [HSV] 命中：Collect_TeleportRecall_Skill_Bin
[2026-08-23 07:14:00.359][INF]  [Record] CRT.传送阵技能已放置
[2026-08-23 07:14:00.907][INF]  [Record] CFB.传送技能亮-尝试
[2026-08-23 07:14:04.246][INF]  [Record] CFB.技能'传送'已配置，栏位3-1
[2026-08-23 07:14:14.694][INF]  [Record] CTB.已回到箱庭
[2026-08-23 07:14:20.010][INF]  [Record] CTB.通过传送阵归位结束
[2026-08-23 07:14:20.946][INF]  [Record] CM.从传送按钮打开区域地图-图像比特检测
[2026-08-23 07:14:21.310][INF]  [Record] CM.N.箱庭地图内找到传送阵-按钮标
[2026-08-23 07:14:23.440][INF]  [Record] 🟣 >>> [SmartAction:Collect_FindTeleporCircle0.9] ✅ 第1轮 画面已改变（diff=138.52 ≥ 3.0）→ next
[2026-08-23 07:14:25.130][INF]  [Record] 确认区域地图tp1
[2026-08-23 07:14:25.876][INF]  [Record] CM.N.区域地图.tp1.已正确
[2026-08-23 07:14:29.553][INF]  [Record] CSB.技能组调用开始
[2026-08-23 07:14:30.993][INF]  [Record] CSB.技能页3-正确
[2026-08-23 07:14:31.745][INF]  [Record] SCB.'探查'技能施放(无判定),栏位1-1
[2026-08-23 07:14:34.201][INF]  [Record] SCB.'探查'技能施放-通过
[2026-08-23 07:14:35.014][INF]  [Record] CSB.'吸取'技能已无法使用(OCR耗尽已在Collect_Skill3_2_Depleted判定)
[2026-08-23 07:14:36.517][INF]  [Record] CSB.技能组复位-色核通过
[2026-08-23 07:14:37.211][INF]  [Record] CM.从传送按钮打开区域地图-图像比特检测
[2026-08-23 07:14:37.578][INF]  [Record] CM.N.箱庭地图内找到传送阵-按钮标
[2026-08-23 07:14:39.706][INF]  [Record] 🟣 >>> [SmartAction:Collect_FindTeleporCircle0.9] ✅ 第1轮 画面已改变（diff=138.64 ≥ 3.0）→ next
[2026-08-23 07:14:42.141][INF]  [Record] 🟣 >>> [SmartAction:Collect_MapRight] ✅ 第1轮 画面已改变（diff=10.44 ≥ 3.0）→ next
[2026-08-23 07:14:47.520][INF]  [Record] 确认区域地图tp2
[2026-08-23 07:14:48.269][INF]  [Record] CM.N.区域地图.tp1.找到传送阵图标
[2026-08-23 07:14:48.835][INF]  [Record] CM.N.区域地图.tp1.选择首选传送阵图标
[2026-08-23 07:14:54.346][INF]  [Record] CM.N.[WRN]PC:首选传送阵为灰色未激活阵,结束本卡带
[2026-08-23 07:15:15.995][INF]  [Record] CM-P.[WRN]状态机守护被触发-切图环节-恢复到区域地图界面
[2026-08-23 07:15:16.604][INF]  [Record] CM.从传送按钮打开区域地图-图像比特检测
[2026-08-23 07:15:16.997][INF]  [Record] CM.N.箱庭地图内找到传送阵-按钮标
[2026-08-23 07:15:19.128][INF]  [Record] 🟣 >>> [SmartAction:Collect_FindTeleporCircle0.9] ✅ 第1轮 画面已改变（diff=74.32 ≥ 3.0）→ next
[2026-08-23 07:15:20.400][INF]  [Record] CBB.[WRN]未识别到传送阵，执行特殊换页（正常不应该触发）
[2026-08-23 07:15:21.807][INF]  [Record] CM.N.区域地图.sp.人物已在传送阵
[2026-08-23 07:15:27.269][INF]  [Record] CSB.技能组调用开始
[2026-08-23 07:15:28.722][INF]  [Record] CSB.技能页3-正确
[2026-08-23 07:15:29.413][INF]  [Record] SCB.'探查'技能施放-通过
[2026-08-23 07:15:30.148][INF]  [Record] CSB.施放'吸取'技能,栏位3-2
[2026-08-23 07:15:32.750][INF]  [Record] CSB.'吸取'技能已无法使用(OCR耗尽已在Collect_Skill3_2_Depleted判定)
[2026-08-23 07:15:33.468][INF]  [Record] CSB.施放'召集'技能,栏位3-3
[2026-08-23 07:15:35.954][INF]  [Record] CSB.施放'召集'技能,栏位3-3
[2026-08-23 07:15:38.656][INF]  [Record] CSB.施放'压制'技能,栏位3-5
[2026-08-23 07:15:41.834][INF]  [Record] CSB.技能组复位-色核通过
[2026-08-23 07:15:42.551][INF]  [Record] CM.从传送按钮打开区域地图-图像比特检测
[2026-08-23 07:15:42.946][INF]  [Record] CM.N.箱庭地图内找到传送阵-按钮标
[2026-08-23 07:15:45.082][INF]  [Record] 🟣 >>> [SmartAction:Collect_FindTeleporCircle0.9] ✅ 第1轮 画面已改变（diff=74.27 ≥ 3.0）→ next
[2026-08-23 07:15:47.567][INF]  [Record] 🟣 >>> [SmartAction:Collect_MapRight] ✅ 第1轮 画面已改变（diff=14.16 ≥ 3.0）→ next
[2026-08-23 07:15:52.960][INF]  [Record] 确认区域地图tp3
