22:27:50.585SCB.'探查'技能施放(无判定),栏位1-1
22:27:53.012SCB.'探查'技能施放-通过
22:27:53.740CSB.施放'吸取'技能,栏位3-2
22:27:56.331CSB.'吸取'技能已无法使用(OCR耗尽已在Collect_Skill3_2_Depleted判定)
22:27:57.951CTOB.打开导航地图
22:28:00.924CTOB.确认导航地图界面打开
22:28:01.661[特殊地图]-步行吸取模块启动
22:28:02.231CTB.特殊地图-夏日骑士-01
22:28:02.249[Py] ℹ️ [Collect_IM_Closure] 新增字段无原状可还原，随任务结束自动失效：['action.param.target', 'action.param.target_offset', 'action.param.custom_action', 'action.param.custom_action_param']
22:28:02.250[Py] 🔧 已改写 1 个节点（登记还原点 1 个）：['Collect_IM_Closure']
22:28:02.487🟢 [检查通过] IM_Skill_1（0/1)
22:28:02.730📊 [数值变更] IM_Skill_1：0 -> 1（变动：+1)
22:28:03.201第一次技能调用,结束后出口锚定到小地图
22:28:03.870GO.复位到箱庭-开始
22:28:04.528G=1.页面非预期，点击返回按钮
22:28:09.278GO.复位到箱庭-已确认
22:28:09.860CSB.技能组调用开始
22:28:11.293CSB.技能页3-正确
22:28:11.980SCB.'探查'技能施放-通过
22:28:12.846CSB.'吸取'技能已无法使用(OCR耗尽已在Collect_Skill3_2_Depleted判定)
22:28:14.464C.SK.打开导航地图
22:28:15.392🔴 [检查拦截] IM_Skill_1（1/1）已达上限
22:28:15.767CTB.特殊地图-夏日骑士-02
22:28:45.579🔴 [检查拦截] Tab3_OnFoot（1/1）已达上限
22:28:45.935GO.复位到箱庭-开始
22:28:46.582G=1.页面非预期，点击返回按钮
22:28:51.316GO.复位到箱庭-已确认
22:28:57.491🔴 [检查拦截] Tab3_OnFoot（1/1）已达上限
22:28:58.405GO.调出快速卡带
22:28:59.995GO.快速卡带调出成功
22:29:00.245🔴 [检查拦截] LocPage_SmartSwip（0/0）已达上限
22:29:00.329🔴 [检查拦截] PackLocation_ToggleSwitch（1/1）已达上限
22:29:00.677CM.L.快速卡带盒定位-位置2
22:29:00.704🧹 [重置完成] 已清零标签：['PackLocation_ToggleSwitch']
22:29:00.954🔴 [检查拦截] LocPage_SmartSwip（0/0）已达上限
22:29:01.034🟢 [检查通过] PackLocation_ToggleSwitch（0/1)
22:29:01.105📊 [数值变更] PackLocation_ToggleSwitch：0 -> 1（变动：+1)
22:29:03.360检查：Event_2_恶梦之冬  （策略：g_weekly） 
22:29:03.720[Py] 🔧 已改写 1 个节点（登记还原点 0 个）：['Collect_PackEnd_Ck']
