Collect_Skill1_Used
Collect_Skill3_2
TemplateMatch
ColorMatch
Collect_Skill3_2
TemplateMatch
ColorMatch
Collect_Skill3_2
TemplateMatch
ColorMatch
Collect_Skill3_2
Collect_Skill_TapReset
Rec_SandBox_Pin_Tpl
Collect_Skill_TapReset
Rec_SandBox_Pin_Tpl
Collect_Skill_TapReset
Rec_SandBox_Pin_Tpl
Collect_Skill_TapReset
Collect_Skill_End
Collect_ForceTeleporCircle
Collect_Skill3_4
Collect_Skill3_1_ERR_TooClose
Collect_TeleporCircle_OnFoot_Start
Collect_TeleporCircle_OnFoot_GoinNviMap
Rec_SandBox_Pin_Tpl
Collect_TeleporCircle_OnFoot_GoinNviMap
Rec_SandBox_Pin_Tpl
Collect_TeleporCircle_OnFoot_GoinNviMap
Rec_SandBox_Pin_Tpl
Collect_TeleporCircle_OnFoot_GoinNviMap
Collect_TeleporCircle_OnFoot_NviMap
Collect_TeleporCircle_OnFoot_StateResolGroup_Step1_Right
Rec_NavMap_Right
Collect_TeleporCircle_OnFoot_StateResolGroup_Step1_Right
Rec_NavMap_Right
Collect_TeleporCircle_OnFoot_StateResolGroup_Step1_Right
Rec_NavMap_Right
Collect_TeleporCircle_OnFoot_StateResolGroup_Step1_Right
Collect_TeleporCircle_OnFoot__NviMapChange_Right
Rec_NavMap_Right
Collect_TeleporCircle_OnFoot__NviMapChange_Right
Rec_NavMap_Right
Collect_TeleporCircle_OnFoot__NviMapChange_Right
Rec_NavMap_Right
Collect_TeleporCircle_OnFoot__NviMapChange_Right
Collect_TeleporCircle_OnFoot_TPIco
Global_Null
Collect_TeleporNotFind
Collect_ClickTeleporCircleIco
Collect_TeleporNotFind
Collect_ClickTeleporCircleIco
Collect_TeleporNotFind
Collect_ClickTeleporCircleIco
Collect_TeleporNotFind
Collect_TeleporNotFind_NORight
Rec_AreaMap_ButtRight_Tmp
Collect_TeleporNotFind_NORight
Rec_AreaMap_ButtRight_Tmp
Collect_TeleporNotFind_NORight
Rec_AreaMap_ButtRight_Tmp
Collect_TeleporNotFind_NORight
Global_Null
Collect_TeleporNotFind
Collect_ClickTeleporCircleIco
Collect_TeleporNotFind
Collect_ClickTeleporCircleIco
Collect_TeleporNotFind
Collect_ClickTeleporCircleIco
Collect_TeleporNotFind
Collect_TeleporNotFind_NORight
Rec_AreaMap_ButtRight_Tmp
Collect_TeleporNotFind_NORight
Rec_AreaMap_ButtRight_Tmp
Collect_TeleporNotFind_NORight
Rec_AreaMap_ButtRight_Tmp
Collect_TeleporNotFind_NORight
