### 07:29~07:34 修后复跑(4d5fcb8 已部署): Arbitrage_Select_Swip 起点回到配置值,列表真滚动,末端 3 连确认,出售闭环

## maafw Swipe 实际起点
[2026-08-23 07:30:45.866] "begin":[200,660] [2026-08-23 07:31:31.628]
"begin":[200,660] [2026-08-23 07:32:22.745] "begin":[200,660]
[2026-08-23 07:32:48.219] "begin":[200,660] [2026-08-23 07:32:51.723]
"begin":[200,660] [2026-08-23 07:32:55.194] "begin":[200,660]
[2026-08-23 07:33:09.551] "begin":[200,135] [2026-08-23 07:33:12.082]
"begin":[200,135] [2026-08-23 07:33:14.603] "begin":[200,135]
[2026-08-23 07:33:28.478] "begin":[635,252] [2026-08-23 07:33:30.119]
"begin":[635,252] [2026-08-23 07:33:31.766] "begin":[635,252]
[2026-08-23 07:33:33.379] "begin":[635,252] [2026-08-23 07:33:37.035]
"begin":[653,511] [2026-08-23 07:33:38.489] "begin":[635,248]
[2026-08-23 07:33:40.071] "begin":[635,248] [2026-08-23 07:33:41.710]
"begin":[635,252] [2026-08-23 07:33:43.350] "begin":[635,252]
[2026-08-23 07:33:44.994] "begin":[635,252] [2026-08-23 07:33:53.862]
"begin":[200,660]  

## GUI
[2026-08-23 07:30:43.923][INF]  [Record] 滑动商店卡带表
[2026-08-23 07:30:47.405][INF]  [Record] 🟣 >>> [SmartAction:Arbitrage_Select_Swip] ✅ 第1轮 画面已改变（diff=35.67 ≥ 3.0）→ next
[2026-08-23 07:31:29.670][INF]  [Record] 滑动商店卡带表
[2026-08-23 07:31:33.201][INF]  [Record] 🟣 >>> [SmartAction:Arbitrage_Select_Swip] ✅ 第1轮 画面已改变（diff=38.42 ≥ 3.0）→ next
[2026-08-23 07:32:20.413][INF]  [Record] 滑动商店卡带表
[2026-08-23 07:32:24.313][INF]  [Record] 🟣 >>> [SmartAction:Arbitrage_Select_Swip] ✅ 第1轮 画面已改变（diff=31.37 ≥ 3.0）→ next
[2026-08-23 07:32:46.277][INF]  [Record] 滑动商店卡带表
[2026-08-23 07:32:49.755][INF]  [Record] ⚠️ >>> [SmartAction:Arbitrage_Select_Swip] ⚠️ 第1轮 画面未改变（diff=0.26）— 复检中 1/3
[2026-08-23 07:32:53.263][INF]  [Record] ⚠️ >>> [SmartAction:Arbitrage_Select_Swip] ⚠️ 第2轮 画面未改变（diff=0.00）— 复检中 2/3
[2026-08-23 07:32:56.727][INF]  [Record] 🟣 >>> [SmartAction:Arbitrage_Select_Swip] 🛑 第3轮 画面未改变（diff=0.00）— 已连续 3 次确认 → error
[2026-08-23 07:33:34.757][INF]  [Record] 🟣 >>> [Arbitrage] 🚀 商店套利-出售主控器启动
[2026-08-23 07:33:34.760][INF]  [Record] 🟣 >>> [Arbitrage] 📋 期望售卖清单（13项)：闪闪铁板虾, 地狱火紫菜包饭, 炸三文鱼便当, 蜂蜜黄油杏仁, 卢戈山参烤串, 煤
[2026-08-23 07:33:34.765][INF]  [Record] 🟣 >>> [Arbitrage] 📷 正在扫描第 1 页价目表...
[2026-08-23 07:33:35.494][INF]  [Record] 🟣 >>> [Arbitrage] ⏬ 下滑翻页...
[2026-08-23 07:33:46.005][INF]  [Record] 🟣 >>> [Arbitrage] 📷 正在扫描第 2 页价目表...
[2026-08-23 07:33:46.793][INF]  [Record] 🟣 >>> [Arbitrage] 🛑 扫描到非最高价商品 [凯洛药材]，已触及利润边界，停止向下扫描。
[2026-08-23 07:33:46.796][INF]  [Record] 🟣 >>> [Arbitrage] 📈 今日最高价&有库存商品总览：鱼子酱罐头, 顶级布料, 无烟煤, 蜂蜜黄油杏仁
[2026-08-23 07:33:46.800][INF]  [Record] 🟣 >>> [Arbitrage] 🛒 扫描完毕！确认共 1 项物品待出售：蜂蜜黄油杏仁
[2026-08-23 07:33:46.802][INF]  [Record] 🟣 >>> [Arbitrage] 👉 正在执行 1/1：前往 [剧情游戏卡14] 售卖 [蜂蜜黄油杏仁]
[2026-08-23 07:33:46.803][INF]  [Record] 🟣 >>> [Arbitrage]   ↳ 卡带匹配用容错式：剧情[遊游][戲戏]卡(?<!\d)14(?!\d)
[2026-08-23 07:33:51.882][INF]  [Record] 滑动商店卡带表
[2026-08-23 07:33:55.407][INF]  [Record] 🟣 >>> [SmartAction:Arbitrage_Select_Swip] ✅ 第1轮 画面已改变（diff=20.36 ≥ 3.0）→ next
[2026-08-23 07:34:14.052][INF]  [Record] 🟣 >>> [Arbitrage] ✅ [蜂蜜黄油杏仁] 确认售出，金币 +2,309,184（20,806,642 → 23,115,826)
[2026-08-23 07:34:14.054][INF]  [Record] 🟣 >>> [Arbitrage] 🎉 本轮实际售出 1 项：蜂蜜黄油杏仁
